Trial env03__kmTgbDz failed: Docker compose command failed for environment env03. Command: docker compose --project-name env03__kmtgbdz__env --project-directory C:\Users\DELL\OneDrive\Desktop\Solumn_sel_task\AI_grader\environments\env03\environment -f C:\Users\DELL\AppData\Local\Temp\tmpneh6fzlo\env03__kmTgbDz__env-docker-compose-resources.json -f C:\Users\DELL\OneDrive\Desktop\Solumn_sel_task\harbor\src\harbor\environments\docker\docker-compose-build.yaml -f C:\Users\DELL\AppData\Local\Temp\tmpne8fiqqb\docker-compose-environment.json -f C:\Users\DELL\AppData\Local\Temp\tmp5ucn1l21\docker-compose-mounts.json build. Return code: 1. Stdout:  Image env03__kmtgbdz__env-main Building 
#1 [internal] load local bake definitions
#1 reading from stdin 661B done
#1 DONE 0.0s

#2 [internal] load build definition from Dockerfile
#2 transferring dockerfile: 318B 0.0s done
#2 DONE 0.0s

#3 [internal] load metadata for docker.io/library/python:3.11.8-slim-bookworm
#3 ERROR: failed to do request: Head "https://registry-1.docker.io/v2/library/python/manifests/3.11.8-slim-bookworm": tls: failed to verify certificate: x509: certificate is valid for *.iitg.ac.in, not registry-1.docker.io
------
 > [internal] load metadata for docker.io/library/python:3.11.8-slim-bookworm:
------
Dockerfile:1

--------------------

   1 | >>> FROM python:3.11.8-slim-bookworm

   2 |     

   3 |     RUN apt-get update && apt-get install -y --no-install-recommends \

--------------------

failed to solve: python:3.11.8-slim-bookworm: failed to resolve source metadata for docker.io/library/python:3.11.8-slim-bookworm: failed to do request: Head "https://registry-1.docker.io/v2/library/python/manifests/3.11.8-slim-bookworm": tls: failed to verify certificate: x509: certificate is valid for *.iitg.ac.in, not registry-1.docker.io

. Stderr: None. 
Collecting main service artifacts
