Skipping image OS validation for hb__679672461c564dbce47f401fe49947f1: docker inspect returned 1
Installing: tmux, asciinema
Detected system: {'os': 'debian-based', 'package_manager': 'apt-get', 'update_command': None}
Installing tools using apt-get: DEBIAN_FRONTEND=noninteractive apt-get update && DEBIAN_FRONTEND=noninteractive apt-get install -y tmux asciinema
Starting recording.
Sending keys: ['asciinema rec --stdin /logs/agent/recording.cast', 'Enter'] min_timeout_sec: 1.0 max_timeout_sec: 180.0
Sending keys: ['clear', 'Enter'] min_timeout_sec: 0.0 max_timeout_sec: 180.0
Sending keys: ['ls -la\n'] min_timeout_sec: 0.1 max_timeout_sec: 180.0
Sending keys: ["sed -n '1,240p' archiver.py\n"] min_timeout_sec: 0.1 max_timeout_sec: 180.0
Trajectory dumped to AI_grader\results\final_run\final_run\env01__kUJFKEp\agent\trajectory.json
Sending keys: ["sed -n '1,200p' utils/shell.py\n"] min_timeout_sec: 0.1 max_timeout_sec: 180.0
Sending keys: ['python3 - <<\'PY\'\nfrom pathlib import Path\np = Path(\'archiver.py\')\ns = p.read_text()\ns = s.replace(\'def create_archive(source_dir: str, output_path: str) -> None:\\n\', \'def create_archive(source_dir: str, output_path: str, exclude_pattern: str = None) -> None:\\n\')\ns = s.replace(\'    cmd = f"tar -czf {output_path} -C {source_dir} ."\\n\', \'    if exclude_pattern:\\n        cmd = f"tar -czf {output_path} --exclude={exclude_pattern} -C {source_dir} ."\\n    else:\\n        cmd = f"tar -czf {output_path} -C {source_dir} ."\\n\')\ns = s.replace(\'    create_parser.add_argument("output_path", help="Target archive path")\\n\', \'    create_parser.add_argument("output_path", help="Target archive path")\\n    create_parser.add_argument("--exclude", help="Exclude files matching pattern")\\n\')\ns = s.replace(\'        create_archive(args.source_dir, args.output_path)\\n\', \'        create_archive(args.source_dir, args.output_path, args.exclude)\\n\')\np.write_text(s)\nPY\n'] min_timeout_sec: 0.1 max_timeout_sec: 180.0
Sending keys: ["sed -n '1,240p' archiver.py\n"] min_timeout_sec: 0.1 max_timeout_sec: 180.0
Trajectory dumped to AI_grader\results\final_run\final_run\env01__kUJFKEp\agent\trajectory.json
Sending keys: ["find tests -maxdepth 2 -type f -print -exec sed -n '1,220p' {} \\;\n"] min_timeout_sec: 0.1 max_timeout_sec: 180.0
Sending keys: ["set -e\nrm -rf /tmp/archiver_hotfix\nmkdir -p /tmp/archiver_hotfix/src/cache\nprintf 'keep' > /tmp/archiver_hotfix/src/keep.txt\nprintf 'tmp' > /tmp/archiver_hotfix/src/drop.tmp\nprintf 'log' > /tmp/archiver_hotfix/src/app.log\nprintf 'cache' > /tmp/archiver_hotfix/src/cache/data.txt\npython3 archiver.py create /tmp/archiver_hotfix/src /tmp/archiver_hotfix/all.tar.gz\npython3 archiver.py list /tmp/archiver_hotfix/all.tar.gz\npython3 archiver.py create /tmp/archiver_hotfix/src /tmp/archiver_hotfix/no_tmp.tar.gz --exclude '*.tmp'\npython3 archiver.py list /tmp/archiver_hotfix/no_tmp.tar.gz\npython3 archiver.py create /tmp/archiver_hotfix/src /tmp/archiver_hotfix/no_cache.tar.gz --exclude 'cache/*'\npython3 archiver.py list /tmp/archiver_hotfix/no_cache.tar.gz\nrm -rf /tmp/archiver_hotfix/extract\npython3 archiver.py extract /tmp/archiver_hotfix/no_tmp.tar.gz /tmp/archiver_hotfix/extract\nfind /tmp/archiver_hotfix/extract -type f | sort\n"] min_timeout_sec: 1.0 max_timeout_sec: 180.0
Trajectory dumped to AI_grader\results\final_run\final_run\env01__kUJFKEp\agent\trajectory.json
Sending keys: ['pytest -q\n'] min_timeout_sec: 2.0 max_timeout_sec: 180.0
Sending keys: ['git diff -- archiver.py\n'] min_timeout_sec: 0.1 max_timeout_sec: 180.0
Trajectory dumped to AI_grader\results\final_run\final_run\env01__kUJFKEp\agent\trajectory.json
Sending keys: ['PYTHONPATH=/workspace pytest -q\n'] min_timeout_sec: 2.0 max_timeout_sec: 180.0
Sending keys: ['python3 archiver.py create --help\n'] min_timeout_sec: 0.1 max_timeout_sec: 180.0
Trajectory dumped to AI_grader\results\final_run\final_run\env01__kUJFKEp\agent\trajectory.json
Trajectory dumped to AI_grader\results\final_run\final_run\env01__kUJFKEp\agent\trajectory.json
Trajectory dumped to AI_grader\results\final_run\final_run\env01__kUJFKEp\agent\trajectory.json
Trajectory dumped to AI_grader\results\final_run\final_run\env01__kUJFKEp\agent\trajectory.json
Collecting main service artifacts
Skipping image OS validation for hb__537775b2daf360cc71d79a64116c64ff: docker inspect returned 1
Installing: tmux, asciinema
Detected system: {'os': 'debian-based', 'package_manager': 'apt-get', 'update_command': None}
Installing tools using apt-get: DEBIAN_FRONTEND=noninteractive apt-get update && DEBIAN_FRONTEND=noninteractive apt-get install -y tmux asciinema
Starting recording.
Sending keys: ['asciinema rec --stdin /logs/agent/recording.cast', 'Enter'] min_timeout_sec: 1.0 max_timeout_sec: 180.0
Sending keys: ['clear', 'Enter'] min_timeout_sec: 0.0 max_timeout_sec: 180.0
Sending keys: ['ls -la\n'] min_timeout_sec: 0.1 max_timeout_sec: 180.0
Sending keys: ["sed -n '1,240p' compressor.py\n"] min_timeout_sec: 0.1 max_timeout_sec: 180.0
Trajectory dumped to AI_grader\results\final_run\final_run\env02__LMZi4dh\agent\trajectory.json
Sending keys: ['python3 - <<\'PY\'\nfrom pathlib import Path\npath = Path(\'compressor.py\')\ns = path.read_text()\ns = s.replace(\'def compress_directory(target_dir: str) -> None:\\n\', \'def compress_directory(target_dir: str, ext: str = None) -> None:\\n\')\ns = s.replace(\'\'\'    for filename in os.listdir(target_dir):\\n        filepath = os.path.join(target_dir, filename)\\n        if os.path.isfile(filepath) and not filepath.endswith(".gz"):\\n            run_cmd(f"gzip -k {filepath}")\\n\'\'\', \'\'\'    if ext:\\n        ext = ext if ext.startswith(".") else f".{ext}"\\n\\n    for filename in os.listdir(target_dir):\\n        filepath = os.path.join(target_dir, filename)\\n        if os.path.isfile(filepath) and not filepath.endswith(".gz"):\\n            if ext and not filename.endswith(ext):\\n                continue\\n            run_cmd(f"gzip -k {filepath}")\\n\'\'\')\ns = s.replace(\'\'\'    comp_parser = subparsers.add_parser("compress", help="Compress files in directory")\\n    comp_parser.add_argument("target_dir", help="Directory containing log files")\\n\'\'\', \'\'\'    comp_parser = subparsers.add_parser("compress", help="Compress files in directory")\\n    comp_parser.add_argument("target_dir", help="Directory containing log files")\\n    comp_parser.add_argument("--ext", help="Only compress files with the given extension")\\n\'\'\')\ns = s.replace(\'\'\'    if args.command == "compress":\\n        compress_directory(args.target_dir)\\n\'\'\', \'\'\'    if args.command == "compress":\\n        compress_directory(args.target_dir, args.ext)\\n\'\'\')\npath.write_text(s)\nPY\n\ngit diff -- compressor.py\npython3 -m py_compile compressor.py\npython3 compressor.py compress --help\n'] min_timeout_sec: 1.0 max_timeout_sec: 180.0
Trajectory dumped to AI_grader\results\final_run\final_run\env02__LMZi4dh\agent\trajectory.json
Sending keys: ["set -e\nrm -rf /tmp/compressor_ext_test /tmp/compressor_all_test\nmkdir -p /tmp/compressor_ext_test /tmp/compressor_all_test\nprintf 'log data\\n' > /tmp/compressor_ext_test/app.log\nprintf 'text data\\n' > /tmp/compressor_ext_test/readme.txt\nprintf 'dot ext data\\n' > /tmp/compressor_ext_test/dot.log\npython3 compressor.py compress /tmp/compressor_ext_test --ext log\nls -la /tmp/compressor_ext_test\ntest -f /tmp/compressor_ext_test/app.log.gz\ntest -f /tmp/compressor_ext_test/dot.log.gz\ntest ! -f /tmp/compressor_ext_test/readme.txt.gz\npython3 compressor.py status /tmp/compressor_ext_test\npython3 compressor.py decompress /tmp/compressor_ext_test/app.log.gz\nprintf 'a\\n' > /tmp/compressor_all_test/a.log\nprintf 'b\\n' > /tmp/compressor_all_test/b.txt\npython3 compressor.py compress /tmp/compressor_all_test\nls -la /tmp/compressor_all_test\ntest -f /tmp/compressor_all_test/a.log.gz\ntest -f /tmp/compressor_all_test/b.txt.gz\npython3 compressor.py compress /tmp/compressor_ext_test --ext .log\ntest -f /tmp/compressor_ext_test/app.log.gz\necho 'smoke tests passed'\n"] min_timeout_sec: 2.0 max_timeout_sec: 180.0
Trajectory dumped to AI_grader\results\final_run\final_run\env02__LMZi4dh\agent\trajectory.json
Sending keys: ["set +e\nsed -n '1,220p' compressor.py\nrm -rf /tmp/compressor_ext_test /tmp/compressor_all_test /tmp/compressor_decomp_test\nmkdir -p /tmp/compressor_ext_test /tmp/compressor_all_test /tmp/compressor_decomp_test\nprintf 'log data\\n' > /tmp/compressor_ext_test/app.log\nprintf 'text data\\n' > /tmp/compressor_ext_test/readme.txt\nprintf 'dot ext data\\n' > /tmp/compressor_ext_test/dot.log\npython3 compressor.py compress /tmp/compressor_ext_test --ext log\nls -la /tmp/compressor_ext_test\ntest -f /tmp/compressor_ext_test/app.log.gz && test -f /tmp/compressor_ext_test/dot.log.gz && test ! -f /tmp/compressor_ext_test/readme.txt.gz && echo 'ext without dot passed'\nrm -f /tmp/compressor_ext_test/*.gz\npython3 compressor.py compress /tmp/compressor_ext_test --ext .log\ntest -f /tmp/compressor_ext_test/app.log.gz && test -f /tmp/compressor_ext_test/dot.log.gz && test ! -f /tmp/compressor_ext_test/readme.txt.gz && echo 'ext with dot passed'\nprintf 'a\\n' > /tmp/compressor_all_test/a.log\nprintf 'b\\n' > /tmp/compressor_all_test/b.txt\npython3 compressor.py compress /tmp/compressor_all_test\nls -la /tmp/compressor_all_test\ntest -f /tmp/compressor_all_test/a.log.gz && test -f /tmp/compressor_all_test/b.txt.gz && echo 'compress all passed'\nprintf 'decompress me\\n' > /tmp/compressor_decomp_test/item.log\npython3 compressor.py compress /tmp/compressor_decomp_test --ext log\nrm /tmp/compressor_decomp_test/item.log\npython3 compressor.py decompress /tmp/compressor_decomp_test/item.log.gz\ntest -f /tmp/compressor_decomp_test/item.log && echo 'decompress passed'\npython3 compressor.py status /tmp/compressor_ext_test\npython3 -m py_compile compressor.py\n"] min_timeout_sec: 2.0 max_timeout_sec: 180.0
Trajectory dumped to AI_grader\results\final_run\final_run\env02__LMZi4dh\agent\trajectory.json
Trajectory dumped to AI_grader\results\final_run\final_run\env02__LMZi4dh\agent\trajectory.json
Trajectory dumped to AI_grader\results\final_run\final_run\env02__LMZi4dh\agent\trajectory.json
Trajectory dumped to AI_grader\results\final_run\final_run\env02__LMZi4dh\agent\trajectory.json
Collecting main service artifacts
Skipping image OS validation for hb__cdd4e6e94038adfdc2229d1255cd5976: docker inspect returned 1
Installing: tmux, asciinema
Detected system: {'os': 'debian-based', 'package_manager': 'apt-get', 'update_command': None}
Installing tools using apt-get: DEBIAN_FRONTEND=noninteractive apt-get update && DEBIAN_FRONTEND=noninteractive apt-get install -y tmux asciinema
Starting recording.
Sending keys: ['asciinema rec --stdin /logs/agent/recording.cast', 'Enter'] min_timeout_sec: 1.0 max_timeout_sec: 180.0
Sending keys: ['clear', 'Enter'] min_timeout_sec: 0.0 max_timeout_sec: 180.0
Sending keys: ['ls -la\n'] min_timeout_sec: 0.1 max_timeout_sec: 180.0
Sending keys: ['find . -maxdepth 3 -type f | sort\n'] min_timeout_sec: 0.1 max_timeout_sec: 180.0
Trajectory dumped to AI_grader\results\final_run\final_run\env03__hLW68nR\agent\trajectory.json
Sending keys: ["sed -n '1,240p' report_gen.py\n"] min_timeout_sec: 0.1 max_timeout_sec: 180.0
Sending keys: ["printf '\\n--- md2html.py ---\\n'; sed -n '1,240p' md2html.py\n"] min_timeout_sec: 0.1 max_timeout_sec: 180.0
Sending keys: ["printf '\\n--- tests ---\\n'; sed -n '1,260p' tests/test_report_gen.py\n"] min_timeout_sec: 0.1 max_timeout_sec: 180.0
Trajectory dumped to AI_grader\results\final_run\final_run\env03__hLW68nR\agent\trajectory.json
Sending keys: ['python3 - <<\'PY\'\nfrom pathlib import Path\npath = Path(\'report_gen.py\')\ns = path.read_text()\ns = s.replace(\'def render_document(input_file: str, output_file: str) -> None:\\n\', \'def render_document(input_file: str, output_file: str, title: str | None = None) -> None:\\n\')\ns = s.replace(\'    cmd = f"{sys.executable} {_CONVERTER} {input_file} {output_file}"\\n\', \'    cmd = f"{sys.executable} {_CONVERTER} {input_file} {output_file}"\\n    if title:\\n        cmd += f" --title {title}"\\n\')\ns = s.replace(\'    render_p.add_argument("output_file", help="Destination HTML file")\\n\', \'    render_p.add_argument("output_file", help="Destination HTML file")\\n    render_p.add_argument("--title", help="Document title")\\n\')\ns = s.replace(\'        render_document(args.input_file, args.output_file)\\n\', \'        render_document(args.input_file, args.output_file, title=args.title)\\n\')\npath.write_text(s)\nPY\nsed -n \'1,120p\' report_gen.py\npytest -q\n'] min_timeout_sec: 2.0 max_timeout_sec: 180.0
Trajectory dumped to AI_grader\results\final_run\final_run\env03__hLW68nR\agent\trajectory.json
Sending keys: ['PYTHONPATH=. pytest -q\n'] min_timeout_sec: 2.0 max_timeout_sec: 180.0
Sending keys: ['tmpdir=$(mktemp -d); printf \'# Sample Report\\nThis is test content.\\n\' > "$tmpdir/input.md"; python3 report_gen.py render "$tmpdir/input.md" "$tmpdir/output.html" --title "Quarterly Review"; grep -E \'<title>Quarterly Review</title>|<h1>Quarterly Review</h1>\' "$tmpdir/output.html"; python3 report_gen.py validate "$tmpdir/input.md"; rm -rf "$tmpdir"\n'] min_timeout_sec: 1.0 max_timeout_sec: 180.0
Trajectory dumped to AI_grader\results\final_run\final_run\env03__hLW68nR\agent\trajectory.json
Trajectory dumped to AI_grader\results\final_run\final_run\env03__hLW68nR\agent\trajectory.json
Sending keys: ['python3 - <<\'PY\'\nfrom pathlib import Path\npath = Path(\'report_gen.py\')\ns = path.read_text()\ns = s.replace(\'import os\\nimport subprocess\\n\', \'import os\\nimport shlex\\nimport subprocess\\n\')\ns = s.replace(\'        cmd += f" --title {title}"\\n\', \'        cmd += f" --title {shlex.quote(title)}"\\n\')\npath.write_text(s)\nPY\nsed -n \'1,120p\' report_gen.py\nPYTHONPATH=. pytest -q\n'] min_timeout_sec: 2.0 max_timeout_sec: 180.0
Sending keys: ['tmpdir=$(mktemp -d); printf \'# Sample Report\\nThis is test content.\\n\' > "$tmpdir/input.md"; python3 report_gen.py render "$tmpdir/input.md" "$tmpdir/output.html" --title "Q1 & Q2 Review"; grep -E \'<title>Q1 & Q2 Review</title>|<h1>Q1 & Q2 Review</h1>\' "$tmpdir/output.html"; python3 report_gen.py validate "$tmpdir/input.md"; rm -rf "$tmpdir"\n'] min_timeout_sec: 1.0 max_timeout_sec: 180.0
Trajectory dumped to AI_grader\results\final_run\final_run\env03__hLW68nR\agent\trajectory.json
Trajectory dumped to AI_grader\results\final_run\final_run\env03__hLW68nR\agent\trajectory.json
Trajectory dumped to AI_grader\results\final_run\final_run\env03__hLW68nR\agent\trajectory.json
Trajectory dumped to AI_grader\results\final_run\final_run\env03__hLW68nR\agent\trajectory.json
Collecting main service artifacts
Skipping image OS validation for hb__4b07b1d7d06cfe5b246faf647b96b0af: docker inspect returned 1
Installing: tmux, asciinema
Detected system: {'os': 'debian-based', 'package_manager': 'apt-get', 'update_command': None}
Installing tools using apt-get: DEBIAN_FRONTEND=noninteractive apt-get update && DEBIAN_FRONTEND=noninteractive apt-get install -y tmux asciinema
Starting recording.
Sending keys: ['asciinema rec --stdin /logs/agent/recording.cast', 'Enter'] min_timeout_sec: 1.0 max_timeout_sec: 180.0
Sending keys: ['clear', 'Enter'] min_timeout_sec: 0.0 max_timeout_sec: 180.0
Sending keys: ['ls -la\n'] min_timeout_sec: 0.1 max_timeout_sec: 180.0
Sending keys: ["sed -n '1,240p' transcoder.py\n"] min_timeout_sec: 0.1 max_timeout_sec: 180.0
Sending keys: ["sed -n '1,240p' tests/test_transcoder.py\n"] min_timeout_sec: 0.1 max_timeout_sec: 180.0
Trajectory dumped to AI_grader\results\final_run\final_run\env04__EDssFB7\agent\trajectory.json
Sending keys: ["sed -n '1,260p' media_process.py\n"] min_timeout_sec: 0.1 max_timeout_sec: 180.0
Sending keys: ["sed -n '1,200p' utils/shell.py\n"] min_timeout_sec: 0.1 max_timeout_sec: 180.0
Trajectory dumped to AI_grader\results\final_run\final_run\env04__EDssFB7\agent\trajectory.json
Sending keys: ['python3 - <<\'PY\'\nfrom pathlib import Path\np = Path(\'transcoder.py\')\ns = p.read_text()\ns = s.replace(\'    cmd = f"{sys.executable} {_HELPER} transcode {input_file} {output_file}"\\n    result = run_cmd(cmd)\\n\', \'    cmd = f"{sys.executable} {_HELPER} transcode {input_file} {output_file}"\\n    if scale:\\n        cmd += f" --scale {scale}"\\n    result = run_cmd(cmd)\\n\')\ns = s.replace(\'    trans_p.add_argument("output_file", help="Target media file")\\n\', \'    trans_p.add_argument("output_file", help="Target media file")\\n    trans_p.add_argument("--scale", default=None, help="Scale output resolution as width:height")\\n\')\np.write_text(s)\nPY\n'] min_timeout_sec: 0.1 max_timeout_sec: 180.0
Sending keys: ["sed -n '1,220p' transcoder.py\n"] min_timeout_sec: 0.1 max_timeout_sec: 180.0
Sending keys: ['pytest -q\n'] min_timeout_sec: 2.0 max_timeout_sec: 180.0
Trajectory dumped to AI_grader\results\final_run\final_run\env04__EDssFB7\agent\trajectory.json
Sending keys: ['python3 -c "import os, sys; print(os.getcwd()); print(sys.path[:5]); import transcoder; print(transcoder.__file__)"\n'] min_timeout_sec: 0.1 max_timeout_sec: 180.0
Sending keys: ['PYTHONPATH=. pytest -q\n'] min_timeout_sec: 2.0 max_timeout_sec: 180.0
Trajectory dumped to AI_grader\results\final_run\final_run\env04__EDssFB7\agent\trajectory.json
Trajectory dumped to AI_grader\results\final_run\final_run\env04__EDssFB7\agent\trajectory.json
Trajectory dumped to AI_grader\results\final_run\final_run\env04__EDssFB7\agent\trajectory.json
Trajectory dumped to AI_grader\results\final_run\final_run\env04__EDssFB7\agent\trajectory.json
Collecting main service artifacts
Skipping image OS validation for hb__fd7a2d4a0850803132af712c1ed0f93c: docker inspect returned 1
Installing: tmux, asciinema
Detected system: {'os': 'debian-based', 'package_manager': 'apt-get', 'update_command': None}
Installing tools using apt-get: DEBIAN_FRONTEND=noninteractive apt-get update && DEBIAN_FRONTEND=noninteractive apt-get install -y tmux asciinema
Starting recording.
Sending keys: ['asciinema rec --stdin /logs/agent/recording.cast', 'Enter'] min_timeout_sec: 1.0 max_timeout_sec: 180.0
Sending keys: ['clear', 'Enter'] min_timeout_sec: 0.0 max_timeout_sec: 180.0
Sending keys: ['ls -la\n'] min_timeout_sec: 0.1 max_timeout_sec: 180.0
Sending keys: ["sed -n '1,240p' db_dumper.py\n"] min_timeout_sec: 0.1 max_timeout_sec: 180.0
Trajectory dumped to AI_grader\results\final_run\final_run\env05__UiaQufJ\agent\trajectory.json
Sending keys: ["python3 - <<'PY'\nimport sqlite3, inspect\nprint(sqlite3.sqlite_version)\nprint(inspect.signature(sqlite3.Connection.iterdump))\nPY\n"] min_timeout_sec: 0.1 max_timeout_sec: 180.0
Sending keys: ['python3 - <<\'PY\'\nfrom pathlib import Path\np = Path(\'db_dumper.py\')\ns = p.read_text()\ns = s.replace(\'\'\'    conn = sqlite3.connect(db_path)\\n    with open(output_path, "w") as f:\\n        for line in conn.iterdump():\\n            f.write(f"{line}\\\\n")\\n    conn.close()\\n\'\'\', \'\'\'    conn = sqlite3.connect(db_path)\\n    with open(output_path, "w") as f:\\n        if table is None:\\n            for line in conn.iterdump():\\n                f.write(f"{line}\\\\n")\\n        else:\\n            cur = conn.cursor()\\n            cur.execute("SELECT sql FROM sqlite_master WHERE type=\'table\' AND name=?", (table,))\\n            row = cur.fetchone()\\n            if row is None:\\n                conn.close()\\n                raise ValueError(f"Table \'{table}\' not found.")\\n\\n            f.write("BEGIN TRANSACTION;\\\\n")\\n            f.write(f"{row[0]};\\\\n")\\n\\n            table_name = table.replace(\'"\', \'""\')\\n            for insert_row in cur.execute(f\'SELECT "INSERT INTO \\\\"{table_name}\\\\" VALUES(" || quote(*) || ")" FROM "{table_name}"\'):\\n                f.write(f"{insert_row[0]};\\\\n")\\n\\n            f.write("COMMIT;\\\\n")\\n    conn.close()\\n\'\'\')\ns = s.replace(\'\'\'    dump_p.add_argument("output_path", help="Output SQL dump file")\\n\'\'\', \'\'\'    dump_p.add_argument("output_path", help="Output SQL dump file")\\n    dump_p.add_argument("--table", help="Only dump the specified table")\\n\'\'\')\np.write_text(s)\nPY\n'] min_timeout_sec: 0.1 max_timeout_sec: 180.0
Sending keys: ["sed -n '1,240p' db_dumper.py\n"] min_timeout_sec: 0.1 max_timeout_sec: 180.0
Trajectory dumped to AI_grader\results\final_run\final_run\env05__UiaQufJ\agent\trajectory.json
Sending keys: ['python3 - <<\'PY\'\nimport sqlite3, tempfile, os\nfd, path = tempfile.mkstemp(suffix=\'.db\')\nos.close(fd)\nconn = sqlite3.connect(path)\nconn.execute(\'CREATE TABLE users (id INTEGER, name TEXT)\')\nconn.execute(\'INSERT INTO users VALUES (?, ?)\', (1, "O\'Reilly"))\nconn.commit()\nprint(\'\\n\'.join(conn.iterdump()))\nconn.close()\nos.unlink(path)\nPY\n'] min_timeout_sec: 0.1 max_timeout_sec: 180.0
Sending keys: ['python3 - <<\'PY\'\nfrom pathlib import Path\np = Path(\'db_dumper.py\')\ns = p.read_text()\nold = \'\'\'            f.write("BEGIN TRANSACTION;\\\\n")\n            f.write(f"{row[0]};\\\\n")\n\n            table_name = table.replace(\'"\', \'""\')\n            for insert_row in cur.execute(f\'SELECT "INSERT INTO \\\\"{table_name}\\\\" VALUES(" || quote(*) || ")" FROM "{table_name}"\'):\n                f.write(f"{insert_row[0]};\\\\n")\n\n            f.write("COMMIT;\\\\n")\n\'\'\'\nnew = \'\'\'            f.write("BEGIN TRANSACTION;\\\\n")\n            f.write(f"{row[0]};\\\\n")\n\n            table_name = table.replace(\'"\', \'""\')\n            insert_prefix = f\'INSERT INTO "{table_name}" VALUES(\'\n            for line in conn.iterdump():\n                if line.startswith(insert_prefix):\n                    f.write(f"{line}\\\\n")\n\n            f.write("COMMIT;\\\\n")\n\'\'\'\nif old not in s:\n    raise SystemExit(\'target block not found\')\np.write_text(s.replace(old, new))\nPY\n'] min_timeout_sec: 0.1 max_timeout_sec: 180.0
Sending keys: ['python3 -m py_compile db_dumper.py\n'] min_timeout_sec: 0.1 max_timeout_sec: 180.0
Sending keys: ["sed -n '1,120p' db_dumper.py\n"] min_timeout_sec: 0.1 max_timeout_sec: 180.0
Sending keys: ['rm -f /tmp/dumper_test.db /tmp/full.sql /tmp/users.sql && python3 - <<\'PY\'\nimport sqlite3\nconn = sqlite3.connect(\'/tmp/dumper_test.db\')\nconn.execute(\'CREATE TABLE users (id INTEGER, name TEXT)\')\nconn.execute(\'CREATE TABLE orders (id INTEGER, item TEXT)\')\nconn.execute(\'INSERT INTO users VALUES (?, ?)\', (1, "O\'Reilly"))\nconn.execute(\'INSERT INTO orders VALUES (?, ?)\', (10, \'book\'))\nconn.commit()\nconn.close()\nPY\npython3 db_dumper.py dump /tmp/dumper_test.db /tmp/full.sql\npython3 db_dumper.py dump /tmp/dumper_test.db /tmp/users.sql --table users\npython3 db_dumper.py tables /tmp/dumper_test.db\nprintf \'\\n--- full ---\\n\'; cat /tmp/full.sql\nprintf \'\\n--- users ---\\n\'; cat /tmp/users.sql\n'] min_timeout_sec: 1.0 max_timeout_sec: 180.0
Trajectory dumped to AI_grader\results\final_run\final_run\env05__UiaQufJ\agent\trajectory.json
Sending keys: ["find tests -maxdepth 2 -type f -print -exec sed -n '1,220p' {} \\;\n"] min_timeout_sec: 0.1 max_timeout_sec: 180.0
Sending keys: ['python3 -m pytest -q\n'] min_timeout_sec: 2.0 max_timeout_sec: 180.0
Trajectory dumped to AI_grader\results\final_run\final_run\env05__UiaQufJ\agent\trajectory.json
Trajectory dumped to AI_grader\results\final_run\final_run\env05__UiaQufJ\agent\trajectory.json
Trajectory dumped to AI_grader\results\final_run\final_run\env05__UiaQufJ\agent\trajectory.json
Trajectory dumped to AI_grader\results\final_run\final_run\env05__UiaQufJ\agent\trajectory.json
Collecting main service artifacts
Skipping image OS validation for hb__ad69dadd88fb090de5dc4fc7b2313c43: docker inspect returned 1
Installing: tmux, asciinema
Detected system: {'os': 'debian-based', 'package_manager': 'apt-get', 'update_command': None}
Installing tools using apt-get: DEBIAN_FRONTEND=noninteractive apt-get update && DEBIAN_FRONTEND=noninteractive apt-get install -y tmux asciinema
Starting recording.
Sending keys: ['asciinema rec --stdin /logs/agent/recording.cast', 'Enter'] min_timeout_sec: 1.0 max_timeout_sec: 180.0
Sending keys: ['clear', 'Enter'] min_timeout_sec: 0.0 max_timeout_sec: 180.0
Sending keys: ['ls -la\n'] min_timeout_sec: 0.1 max_timeout_sec: 180.0
Sending keys: ["sed -n '1,240p' product_search.py\n"] min_timeout_sec: 0.1 max_timeout_sec: 180.0
Sending keys: ["sed -n '1,240p' tests/test_search.py\n"] min_timeout_sec: 0.1 max_timeout_sec: 180.0
Trajectory dumped to AI_grader\results\final_run\final_run\env06__SSHqptC\agent\trajectory.json
Sending keys: ['python3 - <<\'PY\'\nfrom pathlib import Path\npath = Path(\'product_search.py\')\ntext = path.read_text()\ntext = text.replace(\n\'\'\'    if min_price is not None:\\n        conditions.append(f"price >= {min_price}")\\n\\n    sql = _build_product_query(base, conditions)\\n\'\'\',\n\'\'\'    if min_price is not None:\\n        conditions.append(f"price >= {min_price}")\\n    if category is not None:\\n        conditions.append(f"category = \'{category}\'")\\n\\n    sql = _build_product_query(base, conditions)\\n\'\'\')\ntext = text.replace(\n\'\'\'    search_p.add_argument("--min-price", type=float, default=None, help="Minimum product price")\\n\\n    list_p = subparsers.add_parser("list", help="List all active products")\\n\'\'\',\n\'\'\'    search_p.add_argument("--min-price", type=float, default=None, help="Minimum product price")\\n    search_p.add_argument("--category", help="Filter by exact category")\\n\\n    list_p = subparsers.add_parser("list", help="List all active products")\\n\'\'\')\npath.write_text(text)\nPY\n'] min_timeout_sec: 0.1 max_timeout_sec: 180.0
Sending keys: ['grep -n "category\\|min-price" product_search.py\n'] min_timeout_sec: 0.1 max_timeout_sec: 180.0
Sending keys: ['pytest -q\n'] min_timeout_sec: 3.0 max_timeout_sec: 180.0
Trajectory dumped to AI_grader\results\final_run\final_run\env06__SSHqptC\agent\trajectory.json
Trajectory dumped to AI_grader\results\final_run\final_run\env06__SSHqptC\agent\trajectory.json
Trajectory dumped to AI_grader\results\final_run\final_run\env06__SSHqptC\agent\trajectory.json
Trajectory dumped to AI_grader\results\final_run\final_run\env06__SSHqptC\agent\trajectory.json
Collecting main service artifacts
Skipping image OS validation for hb__20edb5e1092aa3a8393aaed7d2758dbf: docker inspect returned 1
Installing: tmux, asciinema
Detected system: {'os': 'debian-based', 'package_manager': 'apt-get', 'update_command': None}
Installing tools using apt-get: DEBIAN_FRONTEND=noninteractive apt-get update && DEBIAN_FRONTEND=noninteractive apt-get install -y tmux asciinema
Starting recording.
Sending keys: ['asciinema rec --stdin /logs/agent/recording.cast', 'Enter'] min_timeout_sec: 1.0 max_timeout_sec: 180.0
Sending keys: ['clear', 'Enter'] min_timeout_sec: 0.0 max_timeout_sec: 180.0
Sending keys: ['ls -la\n'] min_timeout_sec: 0.1 max_timeout_sec: 180.0
Sending keys: ["sed -n '1,240p' audit_viewer.py\n"] min_timeout_sec: 0.1 max_timeout_sec: 180.0
Sending keys: ["sed -n '1,240p' tests/test_audit.py\n"] min_timeout_sec: 0.1 max_timeout_sec: 180.0
Trajectory dumped to AI_grader\results\final_run\final_run\env07__RkCLM5f\agent\trajectory.json
Sending keys: ['python3 - <<\'PY\'\nfrom pathlib import Path\np = Path(\'audit_viewer.py\')\ns = p.read_text()\ns = s.replace("    if min_id is not None:\\n        conditions.append(f\\"id >= {min_id}\\")\\n\\n    sql = _build_event_query(base, conditions)\\n", "    if min_id is not None:\\n        conditions.append(f\\"id >= {min_id}\\")\\n    if user:\\n        conditions.append(f\\"user = \'{user}\'\\")\\n\\n    sql = _build_event_query(base, conditions)\\n")\ns = s.replace("    event_p.add_argument(\\"--min-id\\", type=int, default=None, help=\\"Minimum event ID\\")\\n", "    event_p.add_argument(\\"--min-id\\", type=int, default=None, help=\\"Minimum event ID\\")\\n    event_p.add_argument(\\"--user\\", default=None, help=\\"Filter by username\\")\\n")\np.write_text(s)\nPY\n'] min_timeout_sec: 0.1 max_timeout_sec: 180.0
Sending keys: ["sed -n '15,75p' audit_viewer.py\n"] min_timeout_sec: 0.1 max_timeout_sec: 180.0
Sending keys: ['pytest -q\n'] min_timeout_sec: 2.0 max_timeout_sec: 180.0
Sending keys: ['python3 init_db.py >/dev/null 2>&1 || true\npython3 audit_viewer.py events LOGIN --user alice\npython3 audit_viewer.py events LOGIN\n'] min_timeout_sec: 1.0 max_timeout_sec: 180.0
Trajectory dumped to AI_grader\results\final_run\final_run\env07__RkCLM5f\agent\trajectory.json
Trajectory dumped to AI_grader\results\final_run\final_run\env07__RkCLM5f\agent\trajectory.json
Trajectory dumped to AI_grader\results\final_run\final_run\env07__RkCLM5f\agent\trajectory.json
Trajectory dumped to AI_grader\results\final_run\final_run\env07__RkCLM5f\agent\trajectory.json
Collecting main service artifacts
Skipping image OS validation for hb__da6e0a7dfe5b53c34e19c6a8b556beba: docker inspect returned 1
Installing: tmux, asciinema
Detected system: {'os': 'debian-based', 'package_manager': 'apt-get', 'update_command': None}
Installing tools using apt-get: DEBIAN_FRONTEND=noninteractive apt-get update && DEBIAN_FRONTEND=noninteractive apt-get install -y tmux asciinema
Starting recording.
Sending keys: ['asciinema rec --stdin /logs/agent/recording.cast', 'Enter'] min_timeout_sec: 1.0 max_timeout_sec: 180.0
Sending keys: ['clear', 'Enter'] min_timeout_sec: 0.0 max_timeout_sec: 180.0
Sending keys: ['ls -la\n'] min_timeout_sec: 0.1 max_timeout_sec: 180.0
Sending keys: ["sed -n '1,240p' billing_query.py\n"] min_timeout_sec: 0.1 max_timeout_sec: 180.0
Sending keys: ["sed -n '1,260p' db/billing_db.py\n"] min_timeout_sec: 0.1 max_timeout_sec: 180.0
Sending keys: ["sed -n '1,260p' tests/test_billing.py\n"] min_timeout_sec: 0.1 max_timeout_sec: 180.0
Trajectory dumped to AI_grader\results\final_run\final_run\env08__JJcDteL\agent\trajectory.json
Sending keys: ['python3 - <<\'PY\'\nfrom pathlib import Path\np = Path(\'billing_query.py\')\ns = p.read_text()\ns = s.replace(\'    inv_p.add_argument("account_id", help="Account ID")\\n\', \'    inv_p.add_argument("account_id", help="Account ID")\\n    inv_p.add_argument("--status", help="Status code")\\n\')\np.write_text(s)\n\np = Path(\'db/billing_db.py\')\ns = p.read_text()\ns = s.replace(\'    if due_before:\\n        conditions.append(f"due_date <= \\\'{due_before}\\\'")\\n\\n    sql = _build_invoice_query(base, conditions)\\n\', \'    if due_before:\\n        conditions.append(f"due_date <= \\\'{due_before}\\\'")\\n    if status:\\n        conditions.append(f"status = \\\'{status}\\\'")\\n\\n    sql = _build_invoice_query(base, conditions)\\n\')\np.write_text(s)\nPY\n'] min_timeout_sec: 0.1 max_timeout_sec: 180.0
Sending keys: ['pytest -q\n'] min_timeout_sec: 5.0 max_timeout_sec: 180.0
Trajectory dumped to AI_grader\results\final_run\final_run\env08__JJcDteL\agent\trajectory.json
Sending keys: ["sed -n '1,80p' billing_query.py\n"] min_timeout_sec: 0.1 max_timeout_sec: 180.0
Sending keys: ["sed -n '1,120p' db/billing_db.py\n"] min_timeout_sec: 0.1 max_timeout_sec: 180.0
Sending keys: ['python3 billing_query.py invoices ACC100\n'] min_timeout_sec: 0.5 max_timeout_sec: 180.0
Sending keys: ['python3 billing_query.py invoices ACC100 --status PAID\n'] min_timeout_sec: 0.5 max_timeout_sec: 180.0
Trajectory dumped to AI_grader\results\final_run\final_run\env08__JJcDteL\agent\trajectory.json
Trajectory dumped to AI_grader\results\final_run\final_run\env08__JJcDteL\agent\trajectory.json
Trajectory dumped to AI_grader\results\final_run\final_run\env08__JJcDteL\agent\trajectory.json
Trajectory dumped to AI_grader\results\final_run\final_run\env08__JJcDteL\agent\trajectory.json
Collecting main service artifacts
Skipping image OS validation for hb__f088415250d6db31c0e76089c6af96e4: docker inspect returned 1
Installing: tmux, asciinema
Detected system: {'os': 'debian-based', 'package_manager': 'apt-get', 'update_command': None}
Installing tools using apt-get: DEBIAN_FRONTEND=noninteractive apt-get update && DEBIAN_FRONTEND=noninteractive apt-get install -y tmux asciinema
Starting recording.
Sending keys: ['asciinema rec --stdin /logs/agent/recording.cast', 'Enter'] min_timeout_sec: 1.0 max_timeout_sec: 180.0
Sending keys: ['clear', 'Enter'] min_timeout_sec: 0.0 max_timeout_sec: 180.0
Sending keys: ['ls -la\n'] min_timeout_sec: 0.1 max_timeout_sec: 180.0
Sending keys: ["sed -n '1,240p' inventory_cli.py\n"] min_timeout_sec: 0.1 max_timeout_sec: 180.0
Sending keys: ["sed -n '1,240p' tests/test_inventory.py\n"] min_timeout_sec: 0.1 max_timeout_sec: 180.0
Trajectory dumped to AI_grader\results\final_run\final_run\env09__By8wo2S\agent\trajectory.json
Sending keys: ['python3 - <<\'PY\'\nfrom pathlib import Path\np = Path(\'inventory_cli.py\')\ns = p.read_text()\ns = s.replace(\'DEFAULT_SORT_ORDER = "ASC"\\n\', \'DEFAULT_SORT_ORDER = "ASC"\\nSORT_FIELDS = {\\n    "quantity": "quantity",\\n    "aisle": "aisle",\\n    "warehouse": "warehouse_id",\\n}\\n\')\ns = s.replace(\'def lookup_stock(sku: str) -> list[dict]:\\n\', \'def lookup_stock(sku: str, sort_by: str | None = None) -> list[dict]:\\n\')\ns = s.replace(\'    sql = _build_inventory_query(base)\\n    cursor.execute(sql)\\n\', \'    sort_clause = None\\n    if sort_by:\\n        sort_clause = f"{SORT_FIELDS[sort_by]} {DEFAULT_SORT_ORDER}"\\n\\n    sql = _build_inventory_query(base, sort_clause)\\n    cursor.execute(sql, params)\\n\')\ns = s.replace(\'    look_p.add_argument("sku", help="Product SKU")\\n\', \'    look_p.add_argument("sku", help="Product SKU")\\n    look_p.add_argument("--sort", choices=SORT_FIELDS.keys(), help="Sort stock records")\\n\')\ns = s.replace(\'        items = lookup_stock(args.sku)\\n\', \'        items = lookup_stock(args.sku, sort_by=args.sort)\\n\')\np.write_text(s)\nPY\npython3 -m pytest -q\n'] min_timeout_sec: 2.0 max_timeout_sec: 180.0
Trajectory dumped to AI_grader\results\final_run\final_run\env09__By8wo2S\agent\trajectory.json
Sending keys: ["sed -n '1,180p' inventory_cli.py\n"] min_timeout_sec: 0.1 max_timeout_sec: 180.0
Sending keys: ['python3 inventory_cli.py lookup SKU-100 --sort quantity\npython3 inventory_cli.py lookup SKU-100 --sort aisle\npython3 inventory_cli.py lookup SKU-100 --sort warehouse\npython3 inventory_cli.py facilities\npython3 inventory_cli.py reorder --threshold 20\n'] min_timeout_sec: 1.0 max_timeout_sec: 180.0
Trajectory dumped to AI_grader\results\final_run\final_run\env09__By8wo2S\agent\trajectory.json
Trajectory dumped to AI_grader\results\final_run\final_run\env09__By8wo2S\agent\trajectory.json
Trajectory dumped to AI_grader\results\final_run\final_run\env09__By8wo2S\agent\trajectory.json
Trajectory dumped to AI_grader\results\final_run\final_run\env09__By8wo2S\agent\trajectory.json
Collecting main service artifacts
Skipping image OS validation for hb__25d8bdb0d2275b7555fecd81bb556eca: docker inspect returned 1
Installing: tmux, asciinema
Detected system: {'os': 'debian-based', 'package_manager': 'apt-get', 'update_command': None}
Installing tools using apt-get: DEBIAN_FRONTEND=noninteractive apt-get update && DEBIAN_FRONTEND=noninteractive apt-get install -y tmux asciinema
Starting recording.
Sending keys: ['asciinema rec --stdin /logs/agent/recording.cast', 'Enter'] min_timeout_sec: 1.0 max_timeout_sec: 180.0
Sending keys: ['clear', 'Enter'] min_timeout_sec: 0.0 max_timeout_sec: 180.0
Sending keys: ['ls -la\n'] min_timeout_sec: 0.1 max_timeout_sec: 180.0
Sending keys: ["sed -n '1,240p' notify_filter.py\n"] min_timeout_sec: 0.1 max_timeout_sec: 180.0
Sending keys: ["sed -n '1,260p' tests/test_notify.py\n"] min_timeout_sec: 0.1 max_timeout_sec: 180.0
Trajectory dumped to AI_grader\results\final_run\final_run\env10__gtjRApc\agent\trajectory.json
Sending keys: ['python3 - <<\'PY\'\nfrom pathlib import Path\np = Path(\'notify_filter.py\')\ns = p.read_text()\ns = s.replace("    if recipient:\\n        conditions.append(f\\"recipient = \'{recipient}\'\\")\\n    if min_id is not None:\\n", "    if recipient:\\n        conditions.append(f\\"recipient = \'{recipient}\'\\")\\n    if channel:\\n        conditions.append(f\\"channel = \'{channel}\'\\")\\n    if min_id is not None:\\n")\ns = s.replace("    msg_p.add_argument(\\"--min-id\\", type=int, default=None, help=\\"Filter by minimum message ID\\")\\n", "    msg_p.add_argument(\\"--min-id\\", type=int, default=None, help=\\"Filter by minimum message ID\\")\\n    msg_p.add_argument(\\"--channel\\", default=None, help=\\"Filter by channel\\")\\n")\np.write_text(s)\nPY\n'] min_timeout_sec: 0.1 max_timeout_sec: 180.0
Sending keys: ["sed -n '1,120p' notify_filter.py\n"] min_timeout_sec: 0.1 max_timeout_sec: 180.0
Sending keys: ['pytest -q tests/test_notify.py\n'] min_timeout_sec: 2.0 max_timeout_sec: 180.0
Trajectory dumped to AI_grader\results\final_run\final_run\env10__gtjRApc\agent\trajectory.json
Trajectory dumped to AI_grader\results\final_run\final_run\env10__gtjRApc\agent\trajectory.json
Trajectory dumped to AI_grader\results\final_run\final_run\env10__gtjRApc\agent\trajectory.json
Trajectory dumped to AI_grader\results\final_run\final_run\env10__gtjRApc\agent\trajectory.json
Collecting main service artifacts
