Trial env10__SLf5KGe failed: Docker compose command failed for environment env10. Command: docker compose --project-name env10__slf5kge__env --project-directory C:\Users\DELL\OneDrive\Desktop\Solumn_sel_task\AI_grader\environments\env10\environment -f C:\Users\DELL\AppData\Local\Temp\tmpil_ohpr2\env10__SLf5KGe__env-docker-compose-resources.json -f C:\Users\DELL\OneDrive\Desktop\Solumn_sel_task\harbor\src\harbor\environments\docker\docker-compose-build.yaml -f C:\Users\DELL\AppData\Local\Temp\tmpq7h9rza2\docker-compose-environment.json -f C:\Users\DELL\AppData\Local\Temp\tmp2y7qo6qj\docker-compose-mounts.json build. Return code: 1. Stdout:  Image env10__slf5kge__env-main Building 
#1 [internal] load local bake definitions
#1 reading from stdin 661B done
#1 DONE 0.0s

#2 [internal] load build definition from Dockerfile
#2 transferring dockerfile: 388B 0.0s done
#2 DONE 0.0s

#3 [internal] load metadata for docker.io/library/python:3.11.8-slim-bookworm
#3 ERROR: failed to do request: Head "https://registry-1.docker.io/v2/library/python/manifests/3.11.8-slim-bookworm": dialing registry-1.docker.io:443 container via direct connection because Docker Desktop has no HTTPS proxy: connecting to registry-1.docker.io:443: dial tcp: lookup registry-1.docker.io: no such host
------
 > [internal] load metadata for docker.io/library/python:3.11.8-slim-bookworm:
------
Dockerfile:2

--------------------

   1 |     # Pinned Debian-based Python 3.11 base image

   2 | >>> FROM python:3.11.8-slim-bookworm

   3 |     

   4 |     RUN apt-get update && apt-get install -y --no-install-recommends \

--------------------

failed to solve: python:3.11.8-slim-bookworm: failed to resolve source metadata for docker.io/library/python:3.11.8-slim-bookworm: failed to do request: Head "https://registry-1.docker.io/v2/library/python/manifests/3.11.8-slim-bookworm": dialing registry-1.docker.io:443 container via direct connection because Docker Desktop has no HTTPS proxy: connecting to registry-1.docker.io:443: dial tcp: lookup registry-1.docker.io: no such host

. Stderr: None. 
Collecting main service artifacts
