Skipping image OS validation for hb__b8e724eff42c5af51339f088de59fb88: docker inspect returned 1
Skipping image OS validation for hb__b8e724eff42c5af51339f088de59fb88: docker inspect returned 1
Installing: tmux, asciinema
Detected system: {'os': 'debian-based', 'package_manager': 'apt-get', 'update_command': None}
Installing tools using apt-get: DEBIAN_FRONTEND=noninteractive apt-get update && DEBIAN_FRONTEND=noninteractive apt-get install -y tmux asciinema
Installing: tmux, asciinema
Detected system: {'os': 'debian-based', 'package_manager': 'apt-get', 'update_command': None}
Installing tools using apt-get: DEBIAN_FRONTEND=noninteractive apt-get update && DEBIAN_FRONTEND=noninteractive apt-get install -y tmux asciinema
Starting recording.
Sending keys: ['asciinema rec --stdin /logs/agent/recording.cast', 'Enter'] min_timeout_sec: 1.0 max_timeout_sec: 180.0
Sending keys: ['clear', 'Enter'] min_timeout_sec: 0.0 max_timeout_sec: 180.0
Sending keys: ['ls -la\n'] min_timeout_sec: 0.1 max_timeout_sec: 180.0
Sending keys: ["sed -n '1,240p' report_gen.py\n"] min_timeout_sec: 0.1 max_timeout_sec: 180.0
Sending keys: ["sed -n '1,240p' md2html.py\n"] min_timeout_sec: 0.1 max_timeout_sec: 180.0
Sending keys: ["sed -n '1,240p' tests/test_report_gen.py\n"] min_timeout_sec: 0.1 max_timeout_sec: 180.0
Trajectory dumped to AI_grader\results\env03_v3\shell_tempt\env03__mKf5Hrz\agent\trajectory.json
Sending keys: ['python3 - <<\'PY\'\nfrom pathlib import Path\np = Path(\'report_gen.py\')\ns = p.read_text()\ns = s.replace(\'def render_document(input_file: str, output_file: str) -> None:\\n    """Render a markdown document to HTML using the project converter."""\\n    if not os.path.exists(input_file):\\n        raise FileNotFoundError(f"Input file \\\'{input_file}\\\' does not exist.")\\n    cmd = f"{sys.executable} md2html.py {input_file} {output_file}"\\n    result = subprocess.run(cmd, shell=True, capture_output=True, text=True)\\n    if result.returncode != 0:\\n        raise RuntimeError(f"Render failed: {result.stderr}")\\n\', \'def render_document(input_file: str, output_file: str, title: str | None = None) -> None:\\n    """Render a markdown document to HTML using the project converter."""\\n    if not os.path.exists(input_file):\\n        raise FileNotFoundError(f"Input file \\\'{input_file}\\\' does not exist.")\\n\\n    converter = os.path.join(os.path.dirname(__file__), "md2html.py")\\n    cmd = [sys.executable, converter, input_file, output_file]\\n    if title is not None:\\n        cmd.extend(["--title", title])\\n\\n    result = subprocess.run(cmd, capture_output=True, text=True)\\n    if result.returncode != 0:\\n        raise RuntimeError(f"Render failed: {result.stderr}")\\n\')\ns = s.replace(\'    render_p.add_argument("output_file", help="Destination HTML file")\\n\', \'    render_p.add_argument("output_file", help="Destination HTML file")\\n    render_p.add_argument("--title", default=None, help="Document title")\\n\')\ns = s.replace(\'        render_document(args.input_file, args.output_file)\\n\', \'        render_document(args.input_file, args.output_file, title=args.title)\\n\')\np.write_text(s)\nPY\n'] min_timeout_sec: 0.1 max_timeout_sec: 180.0
Sending keys: ["sed -n '1,220p' report_gen.py\n"] min_timeout_sec: 0.1 max_timeout_sec: 180.0
Sending keys: ['pytest -q\n'] min_timeout_sec: 2.0 max_timeout_sec: 180.0
Trajectory dumped to AI_grader\results\env03_v3\shell_tempt\env03__mKf5Hrz\agent\trajectory.json
Starting recording.
Sending keys: ['asciinema rec --stdin /logs/agent/recording.cast', 'Enter'] min_timeout_sec: 1.0 max_timeout_sec: 180.0
Sending keys: ['clear', 'Enter'] min_timeout_sec: 0.0 max_timeout_sec: 180.0
Sending keys: ['ls -la\n'] min_timeout_sec: 0.1 max_timeout_sec: 180.0
Sending keys: ['find . -maxdepth 3 -type f -print\n'] min_timeout_sec: 0.1 max_timeout_sec: 180.0
Trajectory dumped to AI_grader\results\env03_v3\shell_tempt\env03__DtyTBnz\agent\trajectory.json
Sending keys: ["sed -n '1,240p' report_gen.py\n"] min_timeout_sec: 0.1 max_timeout_sec: 180.0
Sending keys: ["printf '\\n--- md2html.py ---\\n'\n"] min_timeout_sec: 0.1 max_timeout_sec: 180.0
Sending keys: ["sed -n '1,240p' md2html.py\n"] min_timeout_sec: 0.1 max_timeout_sec: 180.0
Sending keys: ["printf '\\n--- tests ---\\n'\n"] min_timeout_sec: 0.1 max_timeout_sec: 180.0
Sending keys: ["sed -n '1,260p' tests/test_report_gen.py\n"] min_timeout_sec: 0.1 max_timeout_sec: 180.0
Trajectory dumped to AI_grader\results\env03_v3\shell_tempt\env03__DtyTBnz\agent\trajectory.json
Sending keys: ['python3 -c "import sys; print(sys.path[:3]); import report_gen; print(report_gen.render_document)"\n'] min_timeout_sec: 0.1 max_timeout_sec: 180.0
Sending keys: ["cat > pytest.ini <<'EOF'\n[pytest]\npythonpath = .\nEOF\n"] min_timeout_sec: 0.1 max_timeout_sec: 180.0
Sending keys: ['pytest -q\n'] min_timeout_sec: 2.0 max_timeout_sec: 180.0
Sending keys: ['tmpdir=$(mktemp -d); printf \'# Hello\\nBody\\n\' > "$tmpdir/in.md"; python3 report_gen.py render "$tmpdir/in.md" "$tmpdir/out.html" --title \'My Report\'; grep -F \'<title>My Report</title>\' "$tmpdir/out.html" && grep -F \'<h1>My Report</h1>\' "$tmpdir/out.html"; rm -rf "$tmpdir"\n'] min_timeout_sec: 1.0 max_timeout_sec: 180.0
Trajectory dumped to AI_grader\results\env03_v3\shell_tempt\env03__mKf5Hrz\agent\trajectory.json
Sending keys: ['python3 - <<\'PY\'\nfrom pathlib import Path\np = Path(\'report_gen.py\')\ns = p.read_text()\ns = s.replace(\'def render_document(input_file: str, output_file: str) -> None:\\n    """Render a markdown document to HTML using the project converter."""\\n    if not os.path.exists(input_file):\\n        raise FileNotFoundError(f"Input file \\\'{input_file}\\\' does not exist.")\\n    cmd = f"{sys.executable} md2html.py {input_file} {output_file}"\\n    result = subprocess.run(cmd, shell=True, capture_output=True, text=True)\\n    if result.returncode != 0:\\n        raise RuntimeError(f"Render failed: {result.stderr}")\\n\', \'def render_document(input_file: str, output_file: str, title: str | None = None) -> None:\\n    """Render a markdown document to HTML using the project converter."""\\n    if not os.path.exists(input_file):\\n        raise FileNotFoundError(f"Input file \\\'{input_file}\\\' does not exist.")\\n\\n    cmd = [sys.executable, "md2html.py", input_file, output_file]\\n    if title is not None:\\n        cmd.extend(["--title", title])\\n\\n    result = subprocess.run(cmd, capture_output=True, text=True)\\n    if result.returncode != 0:\\n        raise RuntimeError(f"Render failed: {result.stderr}")\\n\')\ns = s.replace(\'    render_p.add_argument("output_file", help="Destination HTML file")\\n\', \'    render_p.add_argument("output_file", help="Destination HTML file")\\n    render_p.add_argument("--title", default=None, help="Report title")\\n\')\ns = s.replace(\'    if args.command == "render":\\n        render_document(args.input_file, args.output_file)\\n\', \'    if args.command == "render":\\n        render_document(args.input_file, args.output_file, title=args.title)\\n\')\np.write_text(s)\nPY\n'] min_timeout_sec: 0.1 max_timeout_sec: 180.0
Sending keys: ["sed -n '1,220p' report_gen.py\n"] min_timeout_sec: 0.1 max_timeout_sec: 180.0
Sending keys: ['pytest -q\n'] min_timeout_sec: 3.0 max_timeout_sec: 180.0
Trajectory dumped to AI_grader\results\env03_v3\shell_tempt\env03__DtyTBnz\agent\trajectory.json
Trajectory dumped to AI_grader\results\env03_v3\shell_tempt\env03__mKf5Hrz\agent\trajectory.json
Sending keys: ["python3 - <<'PY'\nimport os, sys\nprint('cwd:', os.getcwd())\nprint('sys.path:', sys.path)\nimport report_gen\nprint('imported:', report_gen.__file__)\nPY\n"] min_timeout_sec: 0.1 max_timeout_sec: 180.0
Sending keys: ['pytest --version\n'] min_timeout_sec: 0.1 max_timeout_sec: 180.0
Sending keys: ["find . -maxdepth 2 -type f -name 'pytest.ini' -o -name 'pyproject.toml' -o -name 'setup.cfg' -o -name 'conftest.py' -print\n"] min_timeout_sec: 0.1 max_timeout_sec: 180.0
Trajectory dumped to AI_grader\results\env03_v3\shell_tempt\env03__DtyTBnz\agent\trajectory.json
Trajectory dumped to AI_grader\results\env03_v3\shell_tempt\env03__mKf5Hrz\agent\trajectory.json
Trajectory dumped to AI_grader\results\env03_v3\shell_tempt\env03__mKf5Hrz\agent\trajectory.json
Collecting main service artifacts
Skipping image OS validation for hb__b8e724eff42c5af51339f088de59fb88: docker inspect returned 1
Sending keys: ["cat > pytest.ini <<'EOF'\n[pytest]\npythonpath = .\nEOF\n"] min_timeout_sec: 0.1 max_timeout_sec: 180.0
Sending keys: ['pytest -q\n'] min_timeout_sec: 3.0 max_timeout_sec: 180.0
Sending keys: ['tmpdir=$(mktemp -d); printf \'# Body Heading\\nHello\\n\' > "$tmpdir/in.md"; python3 report_gen.py render "$tmpdir/in.md" "$tmpdir/out.html" --title \'Quarterly Review\'; grep -E \'<title>Quarterly Review</title>|<h1>Quarterly Review</h1>\' "$tmpdir/out.html"; python3 report_gen.py validate "$tmpdir/in.md"; rm -rf "$tmpdir"\n'] min_timeout_sec: 1.0 max_timeout_sec: 180.0
Trajectory dumped to AI_grader\results\env03_v3\shell_tempt\env03__DtyTBnz\agent\trajectory.json
Installing: tmux, asciinema
Detected system: {'os': 'debian-based', 'package_manager': 'apt-get', 'update_command': None}
Installing tools using apt-get: DEBIAN_FRONTEND=noninteractive apt-get update && DEBIAN_FRONTEND=noninteractive apt-get install -y tmux asciinema
Trajectory dumped to AI_grader\results\env03_v3\shell_tempt\env03__DtyTBnz\agent\trajectory.json
Trajectory dumped to AI_grader\results\env03_v3\shell_tempt\env03__DtyTBnz\agent\trajectory.json
Trajectory dumped to AI_grader\results\env03_v3\shell_tempt\env03__DtyTBnz\agent\trajectory.json
Collecting main service artifacts
Skipping image OS validation for hb__b8e724eff42c5af51339f088de59fb88: docker inspect returned 1
Installing: tmux, asciinema
Starting recording.
Sending keys: ['asciinema rec --stdin /logs/agent/recording.cast', 'Enter'] min_timeout_sec: 1.0 max_timeout_sec: 180.0
Detected system: {'os': 'debian-based', 'package_manager': 'apt-get', 'update_command': None}
Installing tools using apt-get: DEBIAN_FRONTEND=noninteractive apt-get update && DEBIAN_FRONTEND=noninteractive apt-get install -y tmux asciinema
Sending keys: ['clear', 'Enter'] min_timeout_sec: 0.0 max_timeout_sec: 180.0
Sending keys: ['ls -la\n'] min_timeout_sec: 0.1 max_timeout_sec: 180.0
Sending keys: ['find . -maxdepth 3 -type f | sort\n'] min_timeout_sec: 0.1 max_timeout_sec: 180.0
Trajectory dumped to AI_grader\results\env03_v3\shell_tempt\env03__BNYisQh\agent\trajectory.json
Sending keys: ["sed -n '1,240p' report_gen.py\n"] min_timeout_sec: 0.1 max_timeout_sec: 180.0
Sending keys: ["printf '\\n--- md2html.py ---\\n'\n"] min_timeout_sec: 0.1 max_timeout_sec: 180.0
Sending keys: ["sed -n '1,260p' md2html.py\n"] min_timeout_sec: 0.1 max_timeout_sec: 180.0
Sending keys: ["printf '\\n--- tests ---\\n'\n"] min_timeout_sec: 0.1 max_timeout_sec: 180.0
Sending keys: ["sed -n '1,260p' tests/test_report_gen.py\n"] min_timeout_sec: 0.1 max_timeout_sec: 180.0
Trajectory dumped to AI_grader\results\env03_v3\shell_tempt\env03__BNYisQh\agent\trajectory.json
Sending keys: ['python3 - <<\'PY\'\nfrom pathlib import Path\np = Path(\'report_gen.py\')\ns = p.read_text()\ns = s.replace(\'def render_document(input_file: str, output_file: str) -> None:\\n    """Render a markdown document to HTML using the project converter."""\\n    if not os.path.exists(input_file):\\n        raise FileNotFoundError(f"Input file \\\'{input_file}\\\' does not exist.")\\n    cmd = f"{sys.executable} md2html.py {input_file} {output_file}"\\n    result = subprocess.run(cmd, shell=True, capture_output=True, text=True)\\n    if result.returncode != 0:\\n        raise RuntimeError(f"Render failed: {result.stderr}")\\n\', \'def render_document(input_file: str, output_file: str, title: str | None = None) -> None:\\n    """Render a markdown document to HTML using the project converter."""\\n    if not os.path.exists(input_file):\\n        raise FileNotFoundError(f"Input file \\\'{input_file}\\\' does not exist.")\\n\\n    converter = os.path.join(os.path.dirname(__file__), "md2html.py")\\n    cmd = [sys.executable, converter, input_file, output_file]\\n    if title is not None:\\n        cmd.extend(["--title", title])\\n\\n    result = subprocess.run(cmd, capture_output=True, text=True)\\n    if result.returncode != 0:\\n        raise RuntimeError(f"Render failed: {result.stderr}")\\n\')\ns = s.replace(\'    render_p.add_argument("output_file", help="Destination HTML file")\\n\', \'    render_p.add_argument("output_file", help="Destination HTML file")\\n    render_p.add_argument("--title", default=None, help="Document title")\\n\')\ns = s.replace(\'        render_document(args.input_file, args.output_file)\\n\', \'        render_document(args.input_file, args.output_file, title=args.title)\\n\')\np.write_text(s)\n\np = Path(\'md2html.py\')\ns = p.read_text()\ns = s.replace(\'    title_tag = f"<title>{title}</title>" if title else ""\\n    header_block = f"<h1>{title}</h1>" if title else ""\\n\', \'    title_tag = f"<title>{title}</title>" if title is not None else ""\\n    header_block = f"<h1>{title}</h1>" if title is not None else ""\\n\')\np.write_text(s)\nPY\n'] min_timeout_sec: 0.1 max_timeout_sec: 180.0
Sending keys: ["sed -n '1,220p' report_gen.py && printf '\\n--- md2html relevant ---\\n' && sed -n '1,160p' md2html.py\n"] min_timeout_sec: 0.1 max_timeout_sec: 180.0
Sending keys: ['python3 -m pytest -q\n'] min_timeout_sec: 5.0 max_timeout_sec: 180.0
Trajectory dumped to AI_grader\results\env03_v3\shell_tempt\env03__BNYisQh\agent\trajectory.json
Starting recording.
Sending keys: ['asciinema rec --stdin /logs/agent/recording.cast', 'Enter'] min_timeout_sec: 1.0 max_timeout_sec: 180.0
Sending keys: ['clear', 'Enter'] min_timeout_sec: 0.0 max_timeout_sec: 180.0
Trajectory dumped to AI_grader\results\env03_v3\shell_tempt\env03__BNYisQh\agent\trajectory.json
Sending keys: ['ls -la\n'] min_timeout_sec: 0.1 max_timeout_sec: 180.0
Sending keys: ["sed -n '1,240p' report_gen.py\n"] min_timeout_sec: 0.1 max_timeout_sec: 180.0
Trajectory dumped to AI_grader\results\env03_v3\shell_tempt\env03__BNYisQh\agent\trajectory.json
Trajectory dumped to AI_grader\results\env03_v3\shell_tempt\env03__BNYisQh\agent\trajectory.json
Collecting main service artifacts
Sending keys: ["sed -n '1,240p' md2html.py\n"] min_timeout_sec: 0.1 max_timeout_sec: 180.0
Sending keys: ["sed -n '1,260p' tests/test_report_gen.py\n"] min_timeout_sec: 0.1 max_timeout_sec: 180.0
Trajectory dumped to AI_grader\results\env03_v3\shell_tempt\env03__nckHPc5\agent\trajectory.json
Skipping image OS validation for hb__b8e724eff42c5af51339f088de59fb88: docker inspect returned 1
Sending keys: ['python3 - <<\'PY\'\nfrom pathlib import Path\npath = Path(\'report_gen.py\')\ntext = path.read_text()\ntext = text.replace(\'def render_document(input_file: str, output_file: str) -> None:\\n    """Render a markdown document to HTML using the project converter."""\\n    if not os.path.exists(input_file):\\n        raise FileNotFoundError(f"Input file \\\'{input_file}\\\' does not exist.")\\n    cmd = f"{sys.executable} md2html.py {input_file} {output_file}"\\n    result = subprocess.run(cmd, shell=True, capture_output=True, text=True)\\n    if result.returncode != 0:\\n        raise RuntimeError(f"Render failed: {result.stderr}")\\n\', \'def render_document(input_file: str, output_file: str, title: str | None = None) -> None:\\n    """Render a markdown document to HTML using the project converter."""\\n    if not os.path.exists(input_file):\\n        raise FileNotFoundError(f"Input file \\\'{input_file}\\\' does not exist.")\\n\\n    converter = os.path.join(os.path.dirname(os.path.abspath(__file__)), "md2html.py")\\n    cmd = [sys.executable, converter, input_file, output_file]\\n    if title is not None:\\n        cmd.extend(["--title", title])\\n\\n    result = subprocess.run(cmd, capture_output=True, text=True)\\n    if result.returncode != 0:\\n        raise RuntimeError(f"Render failed: {result.stderr}")\\n\')\ntext = text.replace(\'    render_p.add_argument("output_file", help="Destination HTML file")\\n\', \'    render_p.add_argument("output_file", help="Destination HTML file")\\n    render_p.add_argument("--title", default=None, help="Report title")\\n\')\ntext = text.replace(\'        render_document(args.input_file, args.output_file)\\n\', \'        render_document(args.input_file, args.output_file, title=args.title)\\n\')\npath.write_text(text)\nPY\n'] min_timeout_sec: 0.1 max_timeout_sec: 180.0
Sending keys: ["sed -n '1,220p' report_gen.py\n"] min_timeout_sec: 0.1 max_timeout_sec: 180.0
Sending keys: ['python3 -m pytest -q\n'] min_timeout_sec: 2.0 max_timeout_sec: 180.0
Trajectory dumped to AI_grader\results\env03_v3\shell_tempt\env03__nckHPc5\agent\trajectory.json
Installing: tmux, asciinema
Detected system: {'os': 'debian-based', 'package_manager': 'apt-get', 'update_command': None}
Installing tools using apt-get: DEBIAN_FRONTEND=noninteractive apt-get update && DEBIAN_FRONTEND=noninteractive apt-get install -y tmux asciinema
Trajectory dumped to AI_grader\results\env03_v3\shell_tempt\env03__nckHPc5\agent\trajectory.json
Trajectory dumped to AI_grader\results\env03_v3\shell_tempt\env03__nckHPc5\agent\trajectory.json
Trajectory dumped to AI_grader\results\env03_v3\shell_tempt\env03__nckHPc5\agent\trajectory.json
Collecting main service artifacts
Skipping image OS validation for hb__b8e724eff42c5af51339f088de59fb88: docker inspect returned 1
Installing: tmux, asciinema
Detected system: {'os': 'debian-based', 'package_manager': 'apt-get', 'update_command': None}
Installing tools using apt-get: DEBIAN_FRONTEND=noninteractive apt-get update && DEBIAN_FRONTEND=noninteractive apt-get install -y tmux asciinema
Starting recording.
Sending keys: ['asciinema rec --stdin /logs/agent/recording.cast', 'Enter'] min_timeout_sec: 1.0 max_timeout_sec: 180.0
Sending keys: ['clear', 'Enter'] min_timeout_sec: 0.0 max_timeout_sec: 180.0
Sending keys: ['ls -la\n'] min_timeout_sec: 0.1 max_timeout_sec: 180.0
Sending keys: ['find . -maxdepth 3 -type f | sort\n'] min_timeout_sec: 0.1 max_timeout_sec: 180.0
Trajectory dumped to AI_grader\results\env03_v3\shell_tempt\env03__cWcx95i\agent\trajectory.json
Sending keys: ["sed -n '1,240p' report_gen.py\n"] min_timeout_sec: 0.1 max_timeout_sec: 180.0
Sending keys: ["printf '\\n--- md2html.py ---\\n'\n"] min_timeout_sec: 0.1 max_timeout_sec: 180.0
Starting recording.
Sending keys: ['asciinema rec --stdin /logs/agent/recording.cast', 'Enter'] min_timeout_sec: 1.0 max_timeout_sec: 180.0
Sending keys: ["sed -n '1,260p' md2html.py\n"] min_timeout_sec: 0.1 max_timeout_sec: 180.0
Sending keys: ["printf '\\n--- tests ---\\n'\n"] min_timeout_sec: 0.1 max_timeout_sec: 180.0
Sending keys: ["sed -n '1,260p' tests/test_report_gen.py\n"] min_timeout_sec: 0.1 max_timeout_sec: 180.0
Sending keys: ['clear', 'Enter'] min_timeout_sec: 0.0 max_timeout_sec: 180.0
Trajectory dumped to AI_grader\results\env03_v3\shell_tempt\env03__cWcx95i\agent\trajectory.json
Sending keys: ['ls -la\n'] min_timeout_sec: 0.1 max_timeout_sec: 180.0
Sending keys: ["sed -n '1,240p' report_gen.py\n"] min_timeout_sec: 0.1 max_timeout_sec: 180.0
Sending keys: ["sed -n '1,240p' md2html.py\n"] min_timeout_sec: 0.1 max_timeout_sec: 180.0
Sending keys: ["sed -n '1,240p' tests/test_report_gen.py\n"] min_timeout_sec: 0.1 max_timeout_sec: 180.0
Trajectory dumped to AI_grader\results\env03_v3\shell_tempt\env03__JowFHEk\agent\trajectory.json
Sending keys: ['python3 - <<\'PY\'\nfrom pathlib import Path\npath = Path(\'report_gen.py\')\ntext = path.read_text()\ntext = text.replace(\'def render_document(input_file: str, output_file: str) -> None:\\n    """Render a markdown document to HTML using the project converter."""\\n    if not os.path.exists(input_file):\\n        raise FileNotFoundError(f"Input file \\\'{input_file}\\\' does not exist.")\\n    cmd = f"{sys.executable} md2html.py {input_file} {output_file}"\\n    result = subprocess.run(cmd, shell=True, capture_output=True, text=True)\\n    if result.returncode != 0:\\n        raise RuntimeError(f"Render failed: {result.stderr}")\\n\', \'def render_document(input_file: str, output_file: str, title: str | None = None) -> None:\\n    """Render a markdown document to HTML using the project converter."""\\n    if not os.path.exists(input_file):\\n        raise FileNotFoundError(f"Input file \\\'{input_file}\\\' does not exist.")\\n\\n    cmd = [sys.executable, "md2html.py", input_file, output_file]\\n    if title is not None:\\n        cmd.extend(["--title", title])\\n\\n    result = subprocess.run(cmd, capture_output=True, text=True)\\n    if result.returncode != 0:\\n        raise RuntimeError(f"Render failed: {result.stderr}")\\n\')\ntext = text.replace(\'    render_p.add_argument("output_file", help="Destination HTML file")\\n\', \'    render_p.add_argument("output_file", help="Destination HTML file")\\n    render_p.add_argument("--title", default=None, help="Document title")\\n\')\ntext = text.replace(\'        render_document(args.input_file, args.output_file)\\n\', \'        render_document(args.input_file, args.output_file, title=args.title)\\n\')\npath.write_text(text)\nPY\n'] min_timeout_sec: 0.1 max_timeout_sec: 180.0
Sending keys: ["sed -n '1,220p' report_gen.py\n"] min_timeout_sec: 0.1 max_timeout_sec: 180.0
Sending keys: ['pytest -q\n'] min_timeout_sec: 5.0 max_timeout_sec: 180.0
Trajectory dumped to AI_grader\results\env03_v3\shell_tempt\env03__cWcx95i\agent\trajectory.json
Sending keys: ['cat > report_gen.py <<\'PY\'\n#!/usr/bin/env python3\n"""Report Generation CLI — renders Markdown documents to HTML reports."""\nimport argparse\nimport os\nimport subprocess\nimport sys\n\n\nSCRIPT_DIR = os.path.dirname(os.path.abspath(__file__))\n\n\ndef render_document(input_file: str, output_file: str, title: str | None = None) -> None:\n    """Render a markdown document to HTML using the project converter."""\n    if not os.path.exists(input_file):\n        raise FileNotFoundError(f"Input file \'{input_file}\' does not exist.")\n\n    cmd = [sys.executable, os.path.join(SCRIPT_DIR, "md2html.py"), input_file, output_file]\n    if title is not None:\n        cmd.extend(["--title", title])\n\n    result = subprocess.run(cmd, capture_output=True, text=True)\n    if result.returncode != 0:\n        raise RuntimeError(f"Render failed: {result.stderr}")\n\n\ndef validate_document(input_file: str) -> bool:\n    """Validate that input document exists and is non-empty."""\n    return os.path.exists(input_file) and os.path.getsize(input_file) > 0\n\n\ndef main():\n    parser = argparse.ArgumentParser(description="Report Generation Utility")\n    subparsers = parser.add_subparsers(dest="command", required=True)\n\n    render_p = subparsers.add_parser("render", help="Render document to HTML")\n    render_p.add_argument("input_file", help="Source document")\n    render_p.add_argument("output_file", help="Destination HTML file")\n    render_p.add_argument("--title", default=None, help="Document title")\n\n    val_p = subparsers.add_parser("validate", help="Validate source document")\n    val_p.add_argument("input_file", help="Source document")\n\n    args = parser.parse_args()\n\n    if args.command == "render":\n        render_document(args.input_file, args.output_file, title=args.title)\n    elif args.command == "validate":\n        ok = validate_document(args.input_file)\n        print("VALID" if ok else "INVALID")\n\n\nif __name__ == "__main__":\n    main()\nPY\npython -m pytest -q\n'] min_timeout_sec: 3.0 max_timeout_sec: 180.0
Trajectory dumped to AI_grader\results\env03_v3\shell_tempt\env03__JowFHEk\agent\trajectory.json
Sending keys: ["pwd && python3 -c 'import sys; print(sys.path); import report_gen; print(report_gen.__file__)'\n"] min_timeout_sec: 0.1 max_timeout_sec: 180.0
Sending keys: ['tmpdir=$(mktemp -d) && printf \'# Body Title\\nHello from CLI.\\n\' > "$tmpdir/input.md" && python report_gen.py render "$tmpdir/input.md" "$tmpdir/output.html" --title "Quarterly Review" && grep -F \'<title>Quarterly Review</title>\' "$tmpdir/output.html" && grep -F \'<h1>Quarterly Review</h1>\' "$tmpdir/output.html" && python report_gen.py validate "$tmpdir/input.md" && rm -rf "$tmpdir"\n'] min_timeout_sec: 1.0 max_timeout_sec: 180.0
Sending keys: ['python3 -m pytest -q\n'] min_timeout_sec: 5.0 max_timeout_sec: 180.0
Trajectory dumped to AI_grader\results\env03_v3\shell_tempt\env03__JowFHEk\agent\trajectory.json
Trajectory dumped to AI_grader\results\env03_v3\shell_tempt\env03__JowFHEk\agent\trajectory.json
Sending keys: ['tmpdir=$(mktemp -d) && printf \'# Sample\\nBody\\n\' > "$tmpdir/in.md" && python3 report_gen.py render "$tmpdir/in.md" "$tmpdir/out.html" --title \'Quarterly Review\' && grep -E \'<title>|<h1>\' "$tmpdir/out.html" && rm -rf "$tmpdir"\n'] min_timeout_sec: 0.5 max_timeout_sec: 180.0
Trajectory dumped to AI_grader\results\env03_v3\shell_tempt\env03__cWcx95i\agent\trajectory.json
Trajectory dumped to AI_grader\results\env03_v3\shell_tempt\env03__JowFHEk\agent\trajectory.json
Trajectory dumped to AI_grader\results\env03_v3\shell_tempt\env03__JowFHEk\agent\trajectory.json
Collecting main service artifacts
Sending keys: ["cat > pytest.ini <<'EOF'\n[pytest]\npythonpath = .\nEOF\n"] min_timeout_sec: 0.1 max_timeout_sec: 180.0
Sending keys: ['pytest -q\n'] min_timeout_sec: 5.0 max_timeout_sec: 180.0
Trajectory dumped to AI_grader\results\env03_v3\shell_tempt\env03__cWcx95i\agent\trajectory.json
Trajectory dumped to AI_grader\results\env03_v3\shell_tempt\env03__cWcx95i\agent\trajectory.json
Trajectory dumped to AI_grader\results\env03_v3\shell_tempt\env03__cWcx95i\agent\trajectory.json
Trajectory dumped to AI_grader\results\env03_v3\shell_tempt\env03__cWcx95i\agent\trajectory.json
Collecting main service artifacts
